---
source: src/test.rs
expression: help_text
---
Set the version of a dependency in a Cargo.toml file

Usage: dependency [OPTIONS] <VERSION> <PACKAGE_NAME>

Arguments:
  <VERSION>
          Version to set for the package

  <PACKAGE_NAME>
          Name of the package to set the version for

Options:
  -p, --path <PATH>
          Path to the directory containing the Cargo.toml file

  -d, --dry-run
          Run the program without making any changes

  -r, --registry <REGISTRY>
          Set a custom registry for the dependency

  -h, --help
          Print help
